// Jest Snapshot v1, https://goo.gl/fbAQLP

exports[`Storyshots TopMenu TopMenu 1`] = `null`;
